// Jest Snapshot v1, https://goo.gl/fbAQLP

exports[`Header component Matches snapshot 1`] = `
<DocumentFragment>
  <header
    data-testid="header"
    style="padding: 30px; display: flex; justify-content: center; background: transparent;"
  >
    <h1
      class="ant-typography"
      style="margin-bottom: 0px;"
    >
      ToDo List
    </h1>
  </header>
</DocumentFragment>
`;
