// Jest Snapshot v1, https://goo.gl/fbAQLP

exports[`Main component Matches snapshot 1`] = `
<DocumentFragment>
  <section
    class="ant-layout"
    data-testid="main"
    style="padding: 30px; border: 1px solid #ddd; background: rgb(230, 247, 255);"
  >
    <div
      class="ant-divider ant-divider-horizontal ant-divider-with-text-center"
      role="separator"
    >
      <span
        class="ant-divider-inner-text"
      >
        Create task
      </span>
    </div>
    <div
      class="ant-row-flex ant-row-flex-center"
    >
      <form
        class="ant-form ant-form-inline"
        data-testid="form"
      >
        <div
          class="ant-row ant-form-item"
        >
          <div
            class="ant-col ant-form-item-control-wrapper"
          >
            <div
              class="ant-form-item-control"
            >
              <span
                class="ant-form-item-children"
              >
                <span
                  class="ant-input-affix-wrapper"
                >
                  <span
                    class="ant-input-prefix"
                  >
                    <i
                      aria-label="icon: unordered-list"
                      class="anticon anticon-unordered-list"
                      style="color: rgba(0, 0, 0, 0.25);"
                    >
                      <svg
                        aria-hidden="true"
                        class=""
                        data-icon="unordered-list"
                        fill="currentColor"
                        focusable="false"
                        height="1em"
                        viewBox="64 64 896 896"
                        width="1em"
                      >
                        <path
                          d="M912 192H328c-4.4 0-8 3.6-8 8v56c0 4.4 3.6 8 8 8h584c4.4 0 8-3.6 8-8v-56c0-4.4-3.6-8-8-8zm0 284H328c-4.4 0-8 3.6-8 8v56c0 4.4 3.6 8 8 8h584c4.4 0 8-3.6 8-8v-56c0-4.4-3.6-8-8-8zm0 284H328c-4.4 0-8 3.6-8 8v56c0 4.4 3.6 8 8 8h584c4.4 0 8-3.6 8-8v-56c0-4.4-3.6-8-8-8zM104 228a56 56 0 1 0 112 0 56 56 0 1 0-112 0zm0 284a56 56 0 1 0 112 0 56 56 0 1 0-112 0zm0 284a56 56 0 1 0 112 0 56 56 0 1 0-112 0z"
                        />
                      </svg>
                    </i>
                  </span>
                  <input
                    class="ant-input"
                    data-testid="form-input"
                    placeholder="New task..."
                    type="text"
                    value=""
                  />
                </span>
              </span>
            </div>
          </div>
        </div>
        <div
          class="ant-row ant-form-item"
        >
          <div
            class="ant-col ant-form-item-control-wrapper"
          >
            <div
              class="ant-form-item-control"
            >
              <span
                class="ant-form-item-children"
              >
                <button
                  class="ant-btn ant-btn-primary"
                  type="submit"
                >
                  <span>
                    Create
                  </span>
                </button>
              </span>
            </div>
          </div>
        </div>
      </form>
    </div>
    <div
      class="ant-row-flex ant-row-flex-center"
      style="margin: 30px 0px;"
    >
      <div
        class="ant-card ant-card-bordered"
        style="text-align: center;"
      >
        <div
          class="ant-card-head"
        >
          <div
            class="ant-card-head-wrapper"
          >
            <div
              class="ant-card-head-title"
            >
              Filter:
            </div>
          </div>
        </div>
        <div
          class="ant-card-body"
        >
          <div
            class="ant-radio-group ant-radio-group-outline"
          >
            <label
              class="ant-radio-wrapper ant-radio-wrapper-checked"
            >
              <span
                class="ant-radio ant-radio-checked"
              >
                <input
                  checked=""
                  class="ant-radio-input"
                  type="radio"
                  value="SHOW_ACTIVE"
                />
                <span
                  class="ant-radio-inner"
                />
              </span>
              <span>
                Show active
              </span>
            </label>
            <label
              class="ant-radio-wrapper"
            >
              <span
                class="ant-radio"
              >
                <input
                  class="ant-radio-input"
                  type="radio"
                  value="SHOW_COMPLETED"
                />
                <span
                  class="ant-radio-inner"
                />
              </span>
              <span>
                Show completed
              </span>
            </label>
            <label
              class="ant-radio-wrapper"
            >
              <span
                class="ant-radio"
              >
                <input
                  class="ant-radio-input"
                  type="radio"
                  value="SHOW_ALL"
                />
                <span
                  class="ant-radio-inner"
                />
              </span>
              <span>
                Show all
              </span>
            </label>
          </div>
        </div>
      </div>
    </div>
    <div
      class="ant-divider ant-divider-horizontal ant-divider-with-text-center"
      role="separator"
    >
      <span
        class="ant-divider-inner-text"
      >
        List of tasks
      </span>
    </div>
    <div
      class="ant-row-flex ant-row-flex-center"
    >
      <div
        class="ant-list ant-list-split"
        data-testid="list"
      >
        <div
          class="ant-spin-nested-loading"
        >
          <div
            class="ant-spin-container"
          >
            <div
              style="text-align: center;"
            >
              No data
            </div>
          </div>
        </div>
      </div>
    </div>
    <div
      class="ant-divider ant-divider-horizontal ant-divider-with-text-center"
      role="separator"
    >
      <span
        class="ant-divider-inner-text"
      >
        Dark Mode
      </span>
    </div>
    <div
      class="ant-row-flex ant-row-flex-center"
      style="margin: 30px 0px;"
    >
      <div
        style="display: flex; flex-direction: column; align-items: center;"
      >
        <button
          aria-checked="true"
          class="ant-switch ant-switch-checked"
          data-testid="darkMode"
          role="switch"
          type="button"
        >
          <span
            class="ant-switch-inner"
          />
        </button>
      </div>
    </div>
  </section>
</DocumentFragment>
`;
